Traceback (most recent call last):
  File "/home/emi/miniconda3/envs/echem/lib/python3.12/site-packages/jupyter_cache/executors/utils.py", line 58, in single_nb_execution
    executenb(
  File "/home/emi/miniconda3/envs/echem/lib/python3.12/site-packages/nbclient/client.py", line 1319, in execute
    return NotebookClient(nb=nb, resources=resources, km=km, **kwargs).execute()
           ^^^^^^^^^^^^^^^^^^^^^^^^^^^^^^^^^^^^^^^^^^^^^^^^^^^^^^^^^^^^^^^^^^^^^
  File "/home/emi/miniconda3/envs/echem/lib/python3.12/site-packages/jupyter_core/utils/__init__.py", line 165, in wrapped
    return loop.run_until_complete(inner)
           ^^^^^^^^^^^^^^^^^^^^^^^^^^^^^^
  File "/home/emi/miniconda3/envs/echem/lib/python3.12/asyncio/base_events.py", line 691, in run_until_complete
    return future.result()
           ^^^^^^^^^^^^^^^
  File "/home/emi/miniconda3/envs/echem/lib/python3.12/site-packages/nbclient/client.py", line 709, in async_execute
    await self.async_execute_cell(
  File "/home/emi/miniconda3/envs/echem/lib/python3.12/site-packages/nbclient/client.py", line 1062, in async_execute_cell
    await self._check_raise_for_error(cell, cell_index, exec_reply)
  File "/home/emi/miniconda3/envs/echem/lib/python3.12/site-packages/nbclient/client.py", line 918, in _check_raise_for_error
    raise CellExecutionError.from_cell_and_msg(cell, exec_reply_content)
nbclient.exceptions.CellExecutionError: An error occurred while executing the following cell:
------------------
ff_gen.reparameterize_dihedrals(rotatable_bond=(21,22),
                                scan_file="../../data/md/27-22-21-16.xyz",
                                visualize=True,
                                verbose=False)
------------------


[0;31m---------------------------------------------------------------------------[0m
[0;31mTypeError[0m                                 Traceback (most recent call last)
Cell [0;32mIn[3], line 1[0m
[0;32m----> 1[0m [43mff_gen[49m[38;5;241;43m.[39;49m[43mreparameterize_dihedrals[49m[43m([49m[43mrotatable_bond[49m[38;5;241;43m=[39;49m[43m([49m[38;5;241;43m21[39;49m[43m,[49m[38;5;241;43m22[39;49m[43m)[49m[43m,[49m
[1;32m      2[0m [43m                                [49m[43mscan_file[49m[38;5;241;43m=[39;49m[38;5;124;43m"[39;49m[38;5;124;43m../../data/md/27-22-21-16.xyz[39;49m[38;5;124;43m"[39;49m[43m,[49m
[1;32m      3[0m [43m                                [49m[43mvisualize[49m[38;5;241;43m=[39;49m[38;5;28;43;01mTrue[39;49;00m[43m,[49m
[1;32m      4[0m [43m                                [49m[43mverbose[49m[38;5;241;43m=[39;49m[38;5;28;43;01mFalse[39;49;00m[43m)[49m

[0;31mTypeError[0m: MMForceFieldGenerator.reparameterize_dihedrals() got an unexpected keyword argument 'verbose'

