Traceback (most recent call last):
  File "/Users/evitols/miniconda3/envs/echem/lib/python3.12/site-packages/jupyter_core/utils/__init__.py", line 154, in wrapped
    asyncio.get_running_loop()
RuntimeError: no running event loop

During handling of the above exception, another exception occurred:

Traceback (most recent call last):
  File "/Users/evitols/miniconda3/envs/echem/lib/python3.12/site-packages/jupyter_cache/executors/utils.py", line 58, in single_nb_execution
    executenb(
  File "/Users/evitols/miniconda3/envs/echem/lib/python3.12/site-packages/nbclient/client.py", line 1319, in execute
    return NotebookClient(nb=nb, resources=resources, km=km, **kwargs).execute()
           ^^^^^^^^^^^^^^^^^^^^^^^^^^^^^^^^^^^^^^^^^^^^^^^^^^^^^^^^^^^^^^^^^^^^^
  File "/Users/evitols/miniconda3/envs/echem/lib/python3.12/site-packages/jupyter_core/utils/__init__.py", line 158, in wrapped
    return loop.run_until_complete(inner)
           ^^^^^^^^^^^^^^^^^^^^^^^^^^^^^^
  File "/Users/evitols/miniconda3/envs/echem/lib/python3.12/asyncio/base_events.py", line 691, in run_until_complete
    return future.result()
           ^^^^^^^^^^^^^^^
  File "/Users/evitols/miniconda3/envs/echem/lib/python3.12/site-packages/nbclient/client.py", line 709, in async_execute
    await self.async_execute_cell(
  File "/Users/evitols/miniconda3/envs/echem/lib/python3.12/site-packages/nbclient/client.py", line 1062, in async_execute_cell
    await self._check_raise_for_error(cell, cell_index, exec_reply)
  File "/Users/evitols/miniconda3/envs/echem/lib/python3.12/site-packages/nbclient/client.py", line 918, in _check_raise_for_error
    raise CellExecutionError.from_cell_and_msg(cell, exec_reply_content)
nbclient.exceptions.CellExecutionError: An error occurred while executing the following cell:
------------------
import veloxchem as vlx

rea1 = vlx.Molecule.read_smiles("[Br]")
rea2 = vlx.Molecule.read_smiles("CCCl")
rea1.set_charge(-1)

pro1 = vlx.Molecule.read_smiles("[Cl]")
pro2 = vlx.Molecule.read_smiles("CCBr")
pro1.set_charge(-1)

tsguesser = vlx.TransitionStateGuesser()
results = tsguesser.find_TS([rea1, rea2], [pro1, pro2])
tsguesser.show_results(results)
------------------

----- stdout -----
* Info * Building forcefields. Disable mute_ff_builder to see detailed output.
----- stdout -----
* Info * System has charge 0.0 and multiplicity 1. Provide correct values if this is wrong.                               
* Info * Building MM systems for the transition state guess. Disable mute_sys_builder to see detailed output.
----- stdout -----
* Info * Saving reactant and product forcefield as json to ts_data
----- stdout -----
* Info * Saving systems as xml to ts_data
----- stdout -----
                                                                                                                          
                                                 Starting initial MM scan                                                 
                                                                                                                          
                                                      MM parameters:                                                      
                                                mm steps:             1000                                                
                                                mm temperature:      600 K                                                
                                                mm step size:     0.001 ps                                                
                                                folder name:       ts_data                                                
                                                saving mm traj:          0                                                
                                                                                                                          
                                        Lambda |  E_int |     E1 |     E2 |     Em                                        
                                      ---------------------------------------------
----- stdout -----
                                           0.00    -85.0    -91.0    540.5    -91.0
----- stdout -----
                                           0.05    -77.1    -86.8    503.2    -57.3
----- stdout -----
                                           0.10    -70.2    -75.5    468.9    -21.1
----- stdout -----
                                           0.15    -63.9    -58.9    436.1     15.3
----- stdout -----
                                           0.20    -58.3    -38.3    403.5     50.1
----- stdout -----
                                           0.25    -52.9    -14.4    371.1     82.0
----- stdout -----
                                           0.30    -47.9     12.6    338.0    110.2
----- stdout -----
                                           0.35    -43.3     42.2    304.0    133.8
----- stdout -----
                                           0.40    -39.7     75.1    268.0    152.2
----- stdout -----
                                           0.45    -36.1    112.3    228.9    164.8
----- stdout -----
                                           0.50    -33.6    166.6    176.0    171.3
----- stdout -----
                                           0.55    -36.4    231.2    115.7    167.6
----- stdout -----
                                           0.60    -42.2    280.7     72.7    155.9
----- stdout -----
                                           0.65    -49.6    324.5     37.2    137.8
----- stdout -----
                                           0.70    -58.8    365.1      6.5    114.1
----- stdout -----
                                           0.75    -68.6    403.0    -19.9     85.8
----- stdout -----
                                           0.80    -79.6    438.8    -42.6     53.7
----- stdout -----
                                           0.85    -91.2    473.9    -61.5     18.8
----- stdout -----
                                           0.90   -103.8    508.1    -76.3    -17.8
----- stdout -----
                                           0.95   -117.1    542.8    -86.0    -54.5
----- stdout -----
                                           1.00   -131.7    577.9    -89.4    -89.4
----- stdout -----
                                                                                                                          
* Info * Found highest MM E: 171.292 at Lammba: 0.5.                                                                      
                                                                                                                          
* Info * Saving results to ts_results.h5
----- stdout -----
                                                                                                                          
                                                    Starting SCF scan                                                     
                                                                                                                          
                                             Lambda | SCF Energy | Difference                                             
                                         ----------------------------------------
------------------

[31m---------------------------------------------------------------------------[39m
[31mAssertionError[39m                            Traceback (most recent call last)
[36mCell[39m[36m [39m[32mIn[2][39m[32m, line 12[39m
[32m      9[39m pro1.set_charge(-[32m1[39m)
[32m     11[39m tsguesser = vlx.TransitionStateGuesser()
[32m---> [39m[32m12[39m results = [43mtsguesser[49m[43m.[49m[43mfind_TS[49m[43m([49m[43m[[49m[43mrea1[49m[43m,[49m[43m [49m[43mrea2[49m[43m][49m[43m,[49m[43m [49m[43m[[49m[43mpro1[49m[43m,[49m[43m [49m[43mpro2[49m[43m][49m[43m)[49m
[32m     13[39m tsguesser.show_results(results)

[36mFile [39m[32m~/miniconda3/envs/echem/lib/python3.12/site-packages/veloxchem/tsguesser.py:150[39m, in [36mTransitionStateGuesser.find_TS[39m[34m(self, reactant, product, scf, **ff_kwargs)[39m
[32m    147[39m [38;5;66;03m# Scan SCF[39;00m
[32m    148[39m [38;5;28;01mif[39;00m scf:
[32m    149[39m     [38;5;66;03m# assert False, 'Not implemented yet'[39;00m
[32m--> [39m[32m150[39m     [38;5;28;43mself[39;49m[43m.[49m[43mscan_scf[49m[43m([49m[38;5;28;43mself[39;49m[43m.[49m[43mresults[49m[43m)[49m
[32m    152[39m [38;5;28;01mreturn[39;00m [38;5;28mself[39m.molecule, [38;5;28mself[39m.results

[36mFile [39m[32m~/miniconda3/envs/echem/lib/python3.12/site-packages/veloxchem/tsguesser.py:491[39m, in [36mTransitionStateGuesser.scan_scf[39m[34m(self, results)[39m
[32m    489[39m [38;5;28;01mfor[39;00m i, l [38;5;129;01min[39;00m [38;5;28menumerate[39m([38;5;28mself[39m.lambda_vec):
[32m    490[39m     geom = structures[i]
[32m--> [39m[32m491[39m     scf_E = [38;5;28;43mself[39;49m[43m.[49m[43m_get_scf_energy[49m[43m([49m[43mgeom[49m[43m)[49m
[32m    492[39m     [38;5;28;01mif[39;00m i == [32m0[39m:
[32m    493[39m         ref = scf_E

[36mFile [39m[32m~/miniconda3/envs/echem/lib/python3.12/site-packages/veloxchem/tsguesser.py:533[39m, in [36mTransitionStateGuesser._get_scf_energy[39m[34m(self, positions)[39m
[32m    531[39m     [38;5;28mself[39m.scf_drv.ostream.mute()
[32m    532[39m basis = MolecularBasis.read([38;5;28mself[39m.molecule, [38;5;28mself[39m.scf_basis)
[32m--> [39m[32m533[39m scf_results = [38;5;28;43mself[39;49m[43m.[49m[43mscf_drv[49m[43m.[49m[43mcompute[49m[43m([49m[38;5;28;43mself[39;49m[43m.[49m[43mmolecule[49m[43m,[49m[43m [49m[43mbasis[49m[43m)[49m
[32m    535[39m [38;5;28;01mif[39;00m [38;5;129;01mnot[39;00m [38;5;28mself[39m.scf_drv.is_converged:
[32m    536[39m     [38;5;28mself[39m.ostream.print_warning(
[32m    537[39m         [33m"[39m[33mSCF did not converge, increasing convergence threshold to 1.0e-4 and maximum itterations to 200.[39m[33m"[39m
[32m    538[39m     )

[36mFile [39m[32m~/miniconda3/envs/echem/lib/python3.12/site-packages/veloxchem/scfdriver.py:575[39m, in [36mScfDriver.compute[39m[34m(self, molecule, ao_basis, min_basis)[39m
[32m    572[39m     [38;5;28mself[39m.acc_type = [33m'[39m[33mDIIS[39m[33m'[39m
[32m    574[39m [38;5;66;03m# check molecule[39;00m
[32m--> [39m[32m575[39m [43mmolecule_sanity_check[49m[43m([49m[43mmolecule[49m[43m)[49m
[32m    577[39m [38;5;66;03m# check dft setup[39;00m
[32m    578[39m dft_sanity_check([38;5;28mself[39m, [33m'[39m[33mcompute[39m[33m'[39m)

[36mFile [39m[32m~/miniconda3/envs/echem/lib/python3.12/site-packages/veloxchem/sanitychecks.py:52[39m, in [36mmolecule_sanity_check[39m[34m(mol)[39m
[32m     44[39m [38;5;28;01mdef[39;00m[38;5;250m [39m[34mmolecule_sanity_check[39m(mol):
[32m     45[39m [38;5;250m    [39m[33;03m"""[39;00m
[32m     46[39m [33;03m    Checks molecule for charge/multiplicity combination and geometry.[39;00m
[32m     47[39m 
[32m     48[39m [33;03m    :param mol:[39;00m
[32m     49[39m [33;03m        The molecule.[39;00m
[32m     50[39m [33;03m    """[39;00m
[32m---> [39m[32m52[39m     [43massert_msg_critical[49m[43m([49m
[32m     53[39m [43m        [49m[43mmol[49m[43m.[49m[43mcheck_multiplicity[49m[43m([49m[43m)[49m[43m,[49m
[32m     54[39m [43m        [49m[33;43m'[39;49m[33;43mMolecule: Incompatible multiplicity and number of electrons[39;49m[33;43m'[39;49m[43m)[49m
[32m     55[39m     assert_msg_critical(mol.check_proximity([32m0.1[39m), [33m'[39m[33mMolecule: Atoms too close[39m[33m'[39m)

[36mFile [39m[32m~/miniconda3/envs/echem/lib/python3.12/site-packages/veloxchem/errorhandler.py:50[39m, in [36massert_msg_critical[39m[34m(condition, msg)[39m
[32m     40[39m [38;5;250m[39m[33;03m"""[39;00m
[32m     41[39m [33;03mAsserts that the condition is true. Otherwise terminates the program with[39;00m
[32m     42[39m [33;03man error message.[39;00m
[32m   (...)[39m[32m     47[39m [33;03m    The error message.[39;00m
[32m     48[39m [33;03m"""[39;00m
[32m     49[39m [38;5;28;01mif[39;00m __debug__ [38;5;129;01mand[39;00m MPI.COMM_WORLD.Get_size() == [32m1[39m:
[32m---> [39m[32m50[39m     [38;5;28;01massert[39;00m condition, msg
[32m     51[39m [38;5;28;01melse[39;00m:
[32m     52[39m     [38;5;28;01mif[39;00m [38;5;129;01mnot[39;00m condition:

[31mAssertionError[39m: Molecule: Incompatible multiplicity and number of electrons

