Traceback (most recent call last):
  File "/home/rocky/miniconda3/envs/vlxenv/lib/python3.12/site-packages/jupyter_cache/executors/utils.py", line 58, in single_nb_execution
    executenb(
  File "/home/rocky/miniconda3/envs/vlxenv/lib/python3.12/site-packages/nbclient/client.py", line 1319, in execute
    return NotebookClient(nb=nb, resources=resources, km=km, **kwargs).execute()
           ^^^^^^^^^^^^^^^^^^^^^^^^^^^^^^^^^^^^^^^^^^^^^^^^^^^^^^^^^^^^^^^^^^^^^
  File "/home/rocky/miniconda3/envs/vlxenv/lib/python3.12/site-packages/jupyter_core/utils/__init__.py", line 165, in wrapped
    return loop.run_until_complete(inner)
           ^^^^^^^^^^^^^^^^^^^^^^^^^^^^^^
  File "/home/rocky/miniconda3/envs/vlxenv/lib/python3.12/asyncio/base_events.py", line 691, in run_until_complete
    return future.result()
           ^^^^^^^^^^^^^^^
  File "/home/rocky/miniconda3/envs/vlxenv/lib/python3.12/site-packages/nbclient/client.py", line 709, in async_execute
    await self.async_execute_cell(
  File "/home/rocky/miniconda3/envs/vlxenv/lib/python3.12/site-packages/nbclient/client.py", line 1062, in async_execute_cell
    await self._check_raise_for_error(cell, cell_index, exec_reply)
  File "/home/rocky/miniconda3/envs/vlxenv/lib/python3.12/site-packages/nbclient/client.py", line 918, in _check_raise_for_error
    raise CellExecutionError.from_cell_and_msg(cell, exec_reply_content)
nbclient.exceptions.CellExecutionError: An error occurred while executing the following cell:
------------------
scf_drv_ref = vlx.ScfRestrictedDriver()
scf_drv_ref.ostream.mute()
scf_drv_ref.update_settings({}, {'solvation_model': 'CPCM'})
scf_drv_ref.cpcm_grid_per_sphere = (grid_per_sphere, grid_per_sphere_h)
scf_res_ref = scf_drv_ref.compute(molecule, basis)

epol_diff = np.abs(E_pol - scf_drv_ref.cpcm_epol)

print(f'\nSuccess! \nSolvation energy vs reference: {epol_diff:.3e}' if epol_diff < 1e-6 else "Trouble! No agreement")
------------------


[0;31m---------------------------------------------------------------------------[0m
[0;31mAttributeError[0m                            Traceback (most recent call last)
Cell [0;32mIn[17], line 7[0m
[1;32m      4[0m scf_drv_ref[38;5;241m.[39mcpcm_grid_per_sphere [38;5;241m=[39m (grid_per_sphere, grid_per_sphere_h)
[1;32m      5[0m scf_res_ref [38;5;241m=[39m scf_drv_ref[38;5;241m.[39mcompute(molecule, basis)
[0;32m----> 7[0m epol_diff [38;5;241m=[39m np[38;5;241m.[39mabs(E_pol [38;5;241m-[39m [43mscf_drv_ref[49m[38;5;241;43m.[39;49m[43mcpcm_epol[49m)
[1;32m      9[0m [38;5;28mprint[39m([38;5;124mf[39m[38;5;124m'[39m[38;5;130;01m\n[39;00m[38;5;124mSuccess! [39m[38;5;130;01m\n[39;00m[38;5;124mSolvation energy vs reference: [39m[38;5;132;01m{[39;00mepol_diff[38;5;132;01m:[39;00m[38;5;124m.3e[39m[38;5;132;01m}[39;00m[38;5;124m'[39m [38;5;28;01mif[39;00m epol_diff [38;5;241m<[39m [38;5;241m1e-6[39m [38;5;28;01melse[39;00m [38;5;124m"[39m[38;5;124mTrouble! No agreement[39m[38;5;124m"[39m)

[0;31mAttributeError[0m: 'ScfRestrictedDriver' object has no attribute 'cpcm_epol'

