Traceback (most recent call last):
  File "/home/rocky/miniconda3/envs/vlxenv/lib/python3.12/site-packages/jupyter_cache/executors/utils.py", line 58, in single_nb_execution
    executenb(
  File "/home/rocky/miniconda3/envs/vlxenv/lib/python3.12/site-packages/nbclient/client.py", line 1319, in execute
    return NotebookClient(nb=nb, resources=resources, km=km, **kwargs).execute()
           ^^^^^^^^^^^^^^^^^^^^^^^^^^^^^^^^^^^^^^^^^^^^^^^^^^^^^^^^^^^^^^^^^^^^^
  File "/home/rocky/miniconda3/envs/vlxenv/lib/python3.12/site-packages/jupyter_core/utils/__init__.py", line 165, in wrapped
    return loop.run_until_complete(inner)
           ^^^^^^^^^^^^^^^^^^^^^^^^^^^^^^
  File "/home/rocky/miniconda3/envs/vlxenv/lib/python3.12/asyncio/base_events.py", line 691, in run_until_complete
    return future.result()
           ^^^^^^^^^^^^^^^
  File "/home/rocky/miniconda3/envs/vlxenv/lib/python3.12/site-packages/nbclient/client.py", line 709, in async_execute
    await self.async_execute_cell(
  File "/home/rocky/miniconda3/envs/vlxenv/lib/python3.12/site-packages/nbclient/client.py", line 1062, in async_execute_cell
    await self._check_raise_for_error(cell, cell_index, exec_reply)
  File "/home/rocky/miniconda3/envs/vlxenv/lib/python3.12/site-packages/nbclient/client.py", line 918, in _check_raise_for_error
    raise CellExecutionError.from_cell_and_msg(cell, exec_reply_content)
nbclient.exceptions.CellExecutionError: An error occurred while executing the following cell:
------------------
from valet import transition_analysis_utils as tau
import veloxchem as vlx

# Construct the dimer 
c2h4_xyz = """ 
C        0.6655087212      0.0000000000     -x
C       -0.6655087212      0.0000000000     -x
H        1.2112231877      0.9379948213     -x
H        1.2112231877     -0.9379948213     -x
H       -1.2112231877      0.9379948213     -x
H       -1.2112231877     -0.9379948213     -x
"""

c2f4_str = """
C        0.6665934397      0.0000000000      x                 
C       -0.6665934397     -0.0000000000      x                 
F        1.3499511337      1.1743643195      x                 
F        1.3499511337     -1.1743643195      x                 
F       -1.3499511337      1.1743643195      x                
F       -1.3499511337     -1.1743643195      x   
"""

dist = 2 # We will set the interatomic distance to 4 Angstrom
dist_str = "%.10f" % dist

dimer_xyz = "12\n\n"

for line in c2h4_xyz.split("\n"):
    new = line.replace('x', dist_str)
    if 'x' in line:
        dimer_xyz += new + "\n" 

for line in c2f4_str.split("\n"):
    new = line.replace('x', dist_str)
    if 'x' in line:
        dimer_xyz += new + "\n" 

print(dimer_xyz)

molecule = vlx.Molecule.from_xyz_string(dimer_xyz)
basis_label = "6-31G*"
basis = vlx.MolecularBasis.read(molecule, basis_label, ostream=None)
------------------


[0;31m---------------------------------------------------------------------------[0m
[0;31mModuleNotFoundError[0m                       Traceback (most recent call last)
Cell [0;32mIn[5], line 1[0m
[0;32m----> 1[0m [38;5;28;01mfrom[39;00m[38;5;250m [39m[38;5;21;01mvalet[39;00m[38;5;250m [39m[38;5;28;01mimport[39;00m transition_analysis_utils [38;5;28;01mas[39;00m tau
[1;32m      2[0m [38;5;28;01mimport[39;00m[38;5;250m [39m[38;5;21;01mveloxchem[39;00m[38;5;250m [39m[38;5;28;01mas[39;00m[38;5;250m [39m[38;5;21;01mvlx[39;00m
[1;32m      4[0m [38;5;66;03m# Construct the dimer [39;00m

[0;31mModuleNotFoundError[0m: No module named 'valet'

